A,B,C,S
a,b
S
S->AB
S->CA
B->BC
B->AB
A->a
C->AB
C->b
